[INFO] Scanning for projects...
[INFO] 
[INFO] ------------------< com.pip.deepfakes:deepfakewebapp >------------------
[INFO] Building Project base for Spring Boot and Vaadin Flow 1.0-SNAPSHOT
[INFO] --------------------------------[ jar ]---------------------------------
[INFO] 
[INFO] --- maven-clean-plugin:3.1.0:clean (default-clean) @ deepfakewebapp ---
[INFO] Deleting C:\Users\Jarom\IdeaProjects\deepfake-webapp\target
[INFO] 
[INFO] --- maven-resources-plugin:3.2.0:resources (default-resources) @ deepfakewebapp ---
[INFO] Using 'UTF-8' encoding to copy filtered resources.
[INFO] Using 'UTF-8' encoding to copy filtered properties files.
[INFO] Copying 1 resource
[INFO] Copying 24 resources
[INFO] 
[INFO] --- vaadin-maven-plugin:14.6.8:prepare-frontend (default) @ deepfakewebapp ---
[INFO] Copying frontend resources from jar files ...
[INFO] Visited 111 resources. Took 174 ms.
[INFO] 
[INFO] --- maven-compiler-plugin:3.8.1:compile (default-compile) @ deepfakewebapp ---
[INFO] Changes detected - recompiling the module!
[INFO] Compiling 8 source files to C:\Users\Jarom\IdeaProjects\deepfake-webapp\target\classes
[INFO] 
[INFO] --- maven-resources-plugin:3.2.0:testResources (default-testResources) @ deepfakewebapp ---
[INFO] Using 'UTF-8' encoding to copy filtered resources.
[INFO] Using 'UTF-8' encoding to copy filtered properties files.
[INFO] skip non existing resourceDirectory C:\Users\Jarom\IdeaProjects\deepfake-webapp\src\test\resources
[INFO] 
[INFO] --- maven-compiler-plugin:3.8.1:testCompile (default-testCompile) @ deepfakewebapp ---
[INFO] No sources to compile
[INFO] 
[INFO] --- maven-surefire-plugin:2.22.2:test (default-test) @ deepfakewebapp ---
[INFO] No tests to run.
[INFO] 
[INFO] --- maven-jar-plugin:3.2.0:jar (default-jar) @ deepfakewebapp ---
[INFO] Building jar: C:\Users\Jarom\IdeaProjects\deepfake-webapp\target\deepfakewebapp-1.0-SNAPSHOT.jar
[INFO] 
[INFO] --- spring-boot-maven-plugin:2.4.5:repackage (repackage) @ deepfakewebapp ---
[INFO] Replacing main artifact with repackaged archive
[INFO] 
[INFO] --- maven-dependency-plugin:3.0.1:copy-dependencies (copy-dependencies) @ deepfakewebapp ---
[INFO] Copying vaadin-14.6.8.jar to C:\Users\Jarom\IdeaProjects\deepfake-webapp\target\dependency\vaadin-14.6.8.jar
[INFO] Copying vaadin-core-14.6.8.jar to C:\Users\Jarom\IdeaProjects\deepfake-webapp\target\dependency\vaadin-core-14.6.8.jar
[INFO] Copying flow-lit-template-2.6.7.jar to C:\Users\Jarom\IdeaProjects\deepfake-webapp\target\dependency\flow-lit-template-2.6.7.jar
[INFO] Copying flow-push-2.6.7.jar to C:\Users\Jarom\IdeaProjects\deepfake-webapp\target\dependency\flow-push-2.6.7.jar
[INFO] Copying atmosphere-runtime-2.4.30.slf4jvaadin1.jar to C:\Users\Jarom\IdeaProjects\deepfake-webapp\target\dependency\atmosphere-runtime-2.4.30.slf4jvaadin1.jar
[INFO] Copying flow-html-components-2.6.7.jar to C:\Users\Jarom\IdeaProjects\deepfake-webapp\target\dependency\flow-html-components-2.6.7.jar
[INFO] Copying flow-data-2.6.7.jar to C:\Users\Jarom\IdeaProjects\deepfake-webapp\target\dependency\flow-data-2.6.7.jar
[INFO] Copying validation-api-2.0.1.Final.jar to C:\Users\Jarom\IdeaProjects\deepfake-webapp\target\dependency\validation-api-2.0.1.Final.jar
[INFO] Copying flow-dnd-2.6.7.jar to C:\Users\Jarom\IdeaProjects\deepfake-webapp\target\dependency\flow-dnd-2.6.7.jar
[INFO] Copying vaadin__vaadin-mobile-drag-drop-1.0.0.jar to C:\Users\Jarom\IdeaProjects\deepfake-webapp\target\dependency\vaadin__vaadin-mobile-drag-drop-1.0.0.jar
[INFO] Copying mobile-drag-drop-2.3.0-rc.1.jar to C:\Users\Jarom\IdeaProjects\deepfake-webapp\target\dependency\mobile-drag-drop-2.3.0-rc.1.jar
[INFO] Copying vaadin-lumo-theme-2.6.7.jar to C:\Users\Jarom\IdeaProjects\deepfake-webapp\target\dependency\vaadin-lumo-theme-2.6.7.jar
[INFO] Copying vaadin-material-theme-2.6.7.jar to C:\Users\Jarom\IdeaProjects\deepfake-webapp\target\dependency\vaadin-material-theme-2.6.7.jar
[INFO] Copying vaadin-accordion-flow-14.6.8.jar to C:\Users\Jarom\IdeaProjects\deepfake-webapp\target\dependency\vaadin-accordion-flow-14.6.8.jar
[INFO] Copying vaadin-avatar-flow-14.6.8.jar to C:\Users\Jarom\IdeaProjects\deepfake-webapp\target\dependency\vaadin-avatar-flow-14.6.8.jar
[INFO] Copying vaadin-button-flow-14.6.8.jar to C:\Users\Jarom\IdeaProjects\deepfake-webapp\target\dependency\vaadin-button-flow-14.6.8.jar
[INFO] Copying vaadin-checkbox-flow-14.6.8.jar to C:\Users\Jarom\IdeaProjects\deepfake-webapp\target\dependency\vaadin-checkbox-flow-14.6.8.jar
[INFO] Copying vaadin-combo-box-flow-14.6.8.jar to C:\Users\Jarom\IdeaProjects\deepfake-webapp\target\dependency\vaadin-combo-box-flow-14.6.8.jar
[INFO] Copying vaadin-custom-field-flow-14.6.8.jar to C:\Users\Jarom\IdeaProjects\deepfake-webapp\target\dependency\vaadin-custom-field-flow-14.6.8.jar
[INFO] Copying vaadin-date-picker-flow-14.6.8.jar to C:\Users\Jarom\IdeaProjects\deepfake-webapp\target\dependency\vaadin-date-picker-flow-14.6.8.jar
[INFO] Copying vaadin-date-time-picker-flow-14.6.8.jar to C:\Users\Jarom\IdeaProjects\deepfake-webapp\target\dependency\vaadin-date-time-picker-flow-14.6.8.jar
[INFO] Copying vaadin-details-flow-14.6.8.jar to C:\Users\Jarom\IdeaProjects\deepfake-webapp\target\dependency\vaadin-details-flow-14.6.8.jar
[INFO] Copying vaadin-time-picker-flow-14.6.8.jar to C:\Users\Jarom\IdeaProjects\deepfake-webapp\target\dependency\vaadin-time-picker-flow-14.6.8.jar
[INFO] Copying vaadin-select-flow-14.6.8.jar to C:\Users\Jarom\IdeaProjects\deepfake-webapp\target\dependency\vaadin-select-flow-14.6.8.jar
[INFO] Copying vaadin-dialog-flow-14.6.8.jar to C:\Users\Jarom\IdeaProjects\deepfake-webapp\target\dependency\vaadin-dialog-flow-14.6.8.jar
[INFO] Copying vaadin-form-layout-flow-14.6.8.jar to C:\Users\Jarom\IdeaProjects\deepfake-webapp\target\dependency\vaadin-form-layout-flow-14.6.8.jar
[INFO] Copying vaadin-grid-flow-14.6.8.jar to C:\Users\Jarom\IdeaProjects\deepfake-webapp\target\dependency\vaadin-grid-flow-14.6.8.jar
[INFO] Copying vaadin-icons-flow-14.6.8.jar to C:\Users\Jarom\IdeaProjects\deepfake-webapp\target\dependency\vaadin-icons-flow-14.6.8.jar
[INFO] Copying vaadin-iron-list-flow-14.6.8.jar to C:\Users\Jarom\IdeaProjects\deepfake-webapp\target\dependency\vaadin-iron-list-flow-14.6.8.jar
[INFO] Copying vaadin-list-box-flow-14.6.8.jar to C:\Users\Jarom\IdeaProjects\deepfake-webapp\target\dependency\vaadin-list-box-flow-14.6.8.jar
[INFO] Copying vaadin-login-flow-14.6.8.jar to C:\Users\Jarom\IdeaProjects\deepfake-webapp\target\dependency\vaadin-login-flow-14.6.8.jar
[INFO] Copying vaadin-ordered-layout-flow-14.6.8.jar to C:\Users\Jarom\IdeaProjects\deepfake-webapp\target\dependency\vaadin-ordered-layout-flow-14.6.8.jar
[INFO] Copying vaadin-progress-bar-flow-14.6.8.jar to C:\Users\Jarom\IdeaProjects\deepfake-webapp\target\dependency\vaadin-progress-bar-flow-14.6.8.jar
[INFO] Copying vaadin-radio-button-flow-14.6.8.jar to C:\Users\Jarom\IdeaProjects\deepfake-webapp\target\dependency\vaadin-radio-button-flow-14.6.8.jar
[INFO] Copying vaadin-split-layout-flow-14.6.8.jar to C:\Users\Jarom\IdeaProjects\deepfake-webapp\target\dependency\vaadin-split-layout-flow-14.6.8.jar
[INFO] Copying vaadin-tabs-flow-14.6.8.jar to C:\Users\Jarom\IdeaProjects\deepfake-webapp\target\dependency\vaadin-tabs-flow-14.6.8.jar
[INFO] Copying vaadin-text-field-flow-14.6.8.jar to C:\Users\Jarom\IdeaProjects\deepfake-webapp\target\dependency\vaadin-text-field-flow-14.6.8.jar
[INFO] Copying vaadin-upload-flow-14.6.8.jar to C:\Users\Jarom\IdeaProjects\deepfake-webapp\target\dependency\vaadin-upload-flow-14.6.8.jar
[INFO] Copying vaadin-notification-flow-14.6.8.jar to C:\Users\Jarom\IdeaProjects\deepfake-webapp\target\dependency\vaadin-notification-flow-14.6.8.jar
[INFO] Copying vaadin-app-layout-flow-14.6.8.jar to C:\Users\Jarom\IdeaProjects\deepfake-webapp\target\dependency\vaadin-app-layout-flow-14.6.8.jar
[INFO] Copying vaadin-context-menu-flow-14.6.8.jar to C:\Users\Jarom\IdeaProjects\deepfake-webapp\target\dependency\vaadin-context-menu-flow-14.6.8.jar
[INFO] Copying vaadin-menu-bar-flow-14.6.8.jar to C:\Users\Jarom\IdeaProjects\deepfake-webapp\target\dependency\vaadin-menu-bar-flow-14.6.8.jar
[INFO] Copying vaadin-board-flow-14.6.8.jar to C:\Users\Jarom\IdeaProjects\deepfake-webapp\target\dependency\vaadin-board-flow-14.6.8.jar
[INFO] Copying vaadin-charts-flow-14.6.8.jar to C:\Users\Jarom\IdeaProjects\deepfake-webapp\target\dependency\vaadin-charts-flow-14.6.8.jar
[INFO] Copying jackson-databind-2.11.4.jar to C:\Users\Jarom\IdeaProjects\deepfake-webapp\target\dependency\jackson-databind-2.11.4.jar
[INFO] Copying jackson-annotations-2.11.4.jar to C:\Users\Jarom\IdeaProjects\deepfake-webapp\target\dependency\jackson-annotations-2.11.4.jar
[INFO] Copying jackson-core-2.11.4.jar to C:\Users\Jarom\IdeaProjects\deepfake-webapp\target\dependency\jackson-core-2.11.4.jar
[INFO] Copying vaadin-confirm-dialog-flow-14.6.8.jar to C:\Users\Jarom\IdeaProjects\deepfake-webapp\target\dependency\vaadin-confirm-dialog-flow-14.6.8.jar
[INFO] Copying vaadin-cookie-consent-flow-14.6.8.jar to C:\Users\Jarom\IdeaProjects\deepfake-webapp\target\dependency\vaadin-cookie-consent-flow-14.6.8.jar
[INFO] Copying vaadin-crud-flow-14.6.8.jar to C:\Users\Jarom\IdeaProjects\deepfake-webapp\target\dependency\vaadin-crud-flow-14.6.8.jar
[INFO] Copying vaadin-grid-pro-flow-14.6.8.jar to C:\Users\Jarom\IdeaProjects\deepfake-webapp\target\dependency\vaadin-grid-pro-flow-14.6.8.jar
[INFO] Copying vaadin-rich-text-editor-flow-14.6.8.jar to C:\Users\Jarom\IdeaProjects\deepfake-webapp\target\dependency\vaadin-rich-text-editor-flow-14.6.8.jar
[INFO] Copying vaadin-spring-boot-starter-14.6.8.jar to C:\Users\Jarom\IdeaProjects\deepfake-webapp\target\dependency\vaadin-spring-boot-starter-14.6.8.jar
[INFO] Copying vaadin-spring-12.4.0.jar to C:\Users\Jarom\IdeaProjects\deepfake-webapp\target\dependency\vaadin-spring-12.4.0.jar
[INFO] Copying spring-webmvc-5.3.6.jar to C:\Users\Jarom\IdeaProjects\deepfake-webapp\target\dependency\spring-webmvc-5.3.6.jar
[INFO] Copying spring-aop-5.3.6.jar to C:\Users\Jarom\IdeaProjects\deepfake-webapp\target\dependency\spring-aop-5.3.6.jar
[INFO] Copying spring-beans-5.3.6.jar to C:\Users\Jarom\IdeaProjects\deepfake-webapp\target\dependency\spring-beans-5.3.6.jar
[INFO] Copying spring-expression-5.3.6.jar to C:\Users\Jarom\IdeaProjects\deepfake-webapp\target\dependency\spring-expression-5.3.6.jar
[INFO] Copying spring-websocket-5.3.6.jar to C:\Users\Jarom\IdeaProjects\deepfake-webapp\target\dependency\spring-websocket-5.3.6.jar
[INFO] Copying spring-boot-starter-web-2.4.5.jar to C:\Users\Jarom\IdeaProjects\deepfake-webapp\target\dependency\spring-boot-starter-web-2.4.5.jar
[INFO] Copying spring-boot-starter-json-2.4.5.jar to C:\Users\Jarom\IdeaProjects\deepfake-webapp\target\dependency\spring-boot-starter-json-2.4.5.jar
[INFO] Copying jackson-datatype-jdk8-2.11.4.jar to C:\Users\Jarom\IdeaProjects\deepfake-webapp\target\dependency\jackson-datatype-jdk8-2.11.4.jar
[INFO] Copying jackson-datatype-jsr310-2.11.4.jar to C:\Users\Jarom\IdeaProjects\deepfake-webapp\target\dependency\jackson-datatype-jsr310-2.11.4.jar
[INFO] Copying jackson-module-parameter-names-2.11.4.jar to C:\Users\Jarom\IdeaProjects\deepfake-webapp\target\dependency\jackson-module-parameter-names-2.11.4.jar
[INFO] Copying spring-boot-starter-tomcat-2.4.5.jar to C:\Users\Jarom\IdeaProjects\deepfake-webapp\target\dependency\spring-boot-starter-tomcat-2.4.5.jar
[INFO] Copying tomcat-embed-core-9.0.45.jar to C:\Users\Jarom\IdeaProjects\deepfake-webapp\target\dependency\tomcat-embed-core-9.0.45.jar
[INFO] Copying tomcat-embed-websocket-9.0.45.jar to C:\Users\Jarom\IdeaProjects\deepfake-webapp\target\dependency\tomcat-embed-websocket-9.0.45.jar
[INFO] Copying spring-web-5.3.6.jar to C:\Users\Jarom\IdeaProjects\deepfake-webapp\target\dependency\spring-web-5.3.6.jar
[INFO] Copying a-vaadin-helper-1.7.1.jar to C:\Users\Jarom\IdeaProjects\deepfake-webapp\target\dependency\a-vaadin-helper-1.7.1.jar
[INFO] Copying spring-data-provider-2.1.0.jar to C:\Users\Jarom\IdeaProjects\deepfake-webapp\target\dependency\spring-data-provider-2.1.0.jar
[INFO] Copying spring-boot-starter-validation-2.4.5.jar to C:\Users\Jarom\IdeaProjects\deepfake-webapp\target\dependency\spring-boot-starter-validation-2.4.5.jar
[INFO] Copying spring-boot-starter-2.4.5.jar to C:\Users\Jarom\IdeaProjects\deepfake-webapp\target\dependency\spring-boot-starter-2.4.5.jar
[INFO] Copying spring-boot-starter-logging-2.4.5.jar to C:\Users\Jarom\IdeaProjects\deepfake-webapp\target\dependency\spring-boot-starter-logging-2.4.5.jar
[INFO] Copying logback-classic-1.2.3.jar to C:\Users\Jarom\IdeaProjects\deepfake-webapp\target\dependency\logback-classic-1.2.3.jar
[INFO] Copying logback-core-1.2.3.jar to C:\Users\Jarom\IdeaProjects\deepfake-webapp\target\dependency\logback-core-1.2.3.jar
[INFO] Copying log4j-to-slf4j-2.13.3.jar to C:\Users\Jarom\IdeaProjects\deepfake-webapp\target\dependency\log4j-to-slf4j-2.13.3.jar
[INFO] Copying log4j-api-2.13.3.jar to C:\Users\Jarom\IdeaProjects\deepfake-webapp\target\dependency\log4j-api-2.13.3.jar
[INFO] Copying jul-to-slf4j-1.7.30.jar to C:\Users\Jarom\IdeaProjects\deepfake-webapp\target\dependency\jul-to-slf4j-1.7.30.jar
[INFO] Copying jakarta.annotation-api-1.3.5.jar to C:\Users\Jarom\IdeaProjects\deepfake-webapp\target\dependency\jakarta.annotation-api-1.3.5.jar
[INFO] Copying snakeyaml-1.27.jar to C:\Users\Jarom\IdeaProjects\deepfake-webapp\target\dependency\snakeyaml-1.27.jar
[INFO] Copying jakarta.el-3.0.3.jar to C:\Users\Jarom\IdeaProjects\deepfake-webapp\target\dependency\jakarta.el-3.0.3.jar
[INFO] Copying hibernate-validator-6.1.7.Final.jar to C:\Users\Jarom\IdeaProjects\deepfake-webapp\target\dependency\hibernate-validator-6.1.7.Final.jar
[INFO] Copying jakarta.validation-api-2.0.2.jar to C:\Users\Jarom\IdeaProjects\deepfake-webapp\target\dependency\jakarta.validation-api-2.0.2.jar
[INFO] Copying jboss-logging-3.4.1.Final.jar to C:\Users\Jarom\IdeaProjects\deepfake-webapp\target\dependency\jboss-logging-3.4.1.Final.jar
[INFO] Copying classmate-1.5.1.jar to C:\Users\Jarom\IdeaProjects\deepfake-webapp\target\dependency\classmate-1.5.1.jar
[INFO] Copying spring-boot-devtools-2.4.5.jar to C:\Users\Jarom\IdeaProjects\deepfake-webapp\target\dependency\spring-boot-devtools-2.4.5.jar
[INFO] Copying spring-boot-2.4.5.jar to C:\Users\Jarom\IdeaProjects\deepfake-webapp\target\dependency\spring-boot-2.4.5.jar
[INFO] Copying spring-context-5.3.6.jar to C:\Users\Jarom\IdeaProjects\deepfake-webapp\target\dependency\spring-context-5.3.6.jar
[INFO] Copying spring-boot-autoconfigure-2.4.5.jar to C:\Users\Jarom\IdeaProjects\deepfake-webapp\target\dependency\spring-boot-autoconfigure-2.4.5.jar
[INFO] Copying spring-boot-starter-test-2.4.5.jar to C:\Users\Jarom\IdeaProjects\deepfake-webapp\target\dependency\spring-boot-starter-test-2.4.5.jar
[INFO] Copying spring-boot-test-2.4.5.jar to C:\Users\Jarom\IdeaProjects\deepfake-webapp\target\dependency\spring-boot-test-2.4.5.jar
[INFO] Copying spring-boot-test-autoconfigure-2.4.5.jar to C:\Users\Jarom\IdeaProjects\deepfake-webapp\target\dependency\spring-boot-test-autoconfigure-2.4.5.jar
[INFO] Copying json-path-2.4.0.jar to C:\Users\Jarom\IdeaProjects\deepfake-webapp\target\dependency\json-path-2.4.0.jar
[INFO] Copying json-smart-2.3.jar to C:\Users\Jarom\IdeaProjects\deepfake-webapp\target\dependency\json-smart-2.3.jar
[INFO] Copying accessors-smart-1.2.jar to C:\Users\Jarom\IdeaProjects\deepfake-webapp\target\dependency\accessors-smart-1.2.jar
[INFO] Copying asm-5.0.4.jar to C:\Users\Jarom\IdeaProjects\deepfake-webapp\target\dependency\asm-5.0.4.jar
[INFO] Copying jakarta.xml.bind-api-2.3.3.jar to C:\Users\Jarom\IdeaProjects\deepfake-webapp\target\dependency\jakarta.xml.bind-api-2.3.3.jar
[INFO] Copying jakarta.activation-api-1.2.2.jar to C:\Users\Jarom\IdeaProjects\deepfake-webapp\target\dependency\jakarta.activation-api-1.2.2.jar
[INFO] Copying assertj-core-3.18.1.jar to C:\Users\Jarom\IdeaProjects\deepfake-webapp\target\dependency\assertj-core-3.18.1.jar
[INFO] Copying hamcrest-2.2.jar to C:\Users\Jarom\IdeaProjects\deepfake-webapp\target\dependency\hamcrest-2.2.jar
[INFO] Copying junit-jupiter-5.7.1.jar to C:\Users\Jarom\IdeaProjects\deepfake-webapp\target\dependency\junit-jupiter-5.7.1.jar
[INFO] Copying junit-jupiter-api-5.7.1.jar to C:\Users\Jarom\IdeaProjects\deepfake-webapp\target\dependency\junit-jupiter-api-5.7.1.jar
[INFO] Copying junit-jupiter-params-5.7.1.jar to C:\Users\Jarom\IdeaProjects\deepfake-webapp\target\dependency\junit-jupiter-params-5.7.1.jar
[INFO] Copying junit-jupiter-engine-5.7.1.jar to C:\Users\Jarom\IdeaProjects\deepfake-webapp\target\dependency\junit-jupiter-engine-5.7.1.jar
[INFO] Copying mockito-core-3.6.28.jar to C:\Users\Jarom\IdeaProjects\deepfake-webapp\target\dependency\mockito-core-3.6.28.jar
[INFO] Copying byte-buddy-1.10.22.jar to C:\Users\Jarom\IdeaProjects\deepfake-webapp\target\dependency\byte-buddy-1.10.22.jar
[INFO] Copying byte-buddy-agent-1.10.22.jar to C:\Users\Jarom\IdeaProjects\deepfake-webapp\target\dependency\byte-buddy-agent-1.10.22.jar
[INFO] Copying objenesis-3.1.jar to C:\Users\Jarom\IdeaProjects\deepfake-webapp\target\dependency\objenesis-3.1.jar
[INFO] Copying mockito-junit-jupiter-3.6.28.jar to C:\Users\Jarom\IdeaProjects\deepfake-webapp\target\dependency\mockito-junit-jupiter-3.6.28.jar
[INFO] Copying jsonassert-1.5.0.jar to C:\Users\Jarom\IdeaProjects\deepfake-webapp\target\dependency\jsonassert-1.5.0.jar
[INFO] Copying android-json-0.0.20131108.vaadin1.jar to C:\Users\Jarom\IdeaProjects\deepfake-webapp\target\dependency\android-json-0.0.20131108.vaadin1.jar
[INFO] Copying spring-core-5.3.6.jar to C:\Users\Jarom\IdeaProjects\deepfake-webapp\target\dependency\spring-core-5.3.6.jar
[INFO] Copying spring-jcl-5.3.6.jar to C:\Users\Jarom\IdeaProjects\deepfake-webapp\target\dependency\spring-jcl-5.3.6.jar
[INFO] Copying spring-test-5.3.6.jar to C:\Users\Jarom\IdeaProjects\deepfake-webapp\target\dependency\spring-test-5.3.6.jar
[INFO] Copying xmlunit-core-2.7.0.jar to C:\Users\Jarom\IdeaProjects\deepfake-webapp\target\dependency\xmlunit-core-2.7.0.jar
[INFO] Copying vaadin-testbench-14.6.8.jar to C:\Users\Jarom\IdeaProjects\deepfake-webapp\target\dependency\vaadin-testbench-14.6.8.jar
[INFO] Copying vaadin-testbench-core-6.4.0.jar to C:\Users\Jarom\IdeaProjects\deepfake-webapp\target\dependency\vaadin-testbench-core-6.4.0.jar
[INFO] Copying commons-codec-1.15.jar to C:\Users\Jarom\IdeaProjects\deepfake-webapp\target\dependency\commons-codec-1.15.jar
[INFO] Copying selenium-remote-driver-3.141.59.jar to C:\Users\Jarom\IdeaProjects\deepfake-webapp\target\dependency\selenium-remote-driver-3.141.59.jar
[INFO] Copying selenium-api-3.141.59.jar to C:\Users\Jarom\IdeaProjects\deepfake-webapp\target\dependency\selenium-api-3.141.59.jar
[INFO] Copying commons-exec-1.3.jar to C:\Users\Jarom\IdeaProjects\deepfake-webapp\target\dependency\commons-exec-1.3.jar
[INFO] Copying guava-25.0-jre.jar to C:\Users\Jarom\IdeaProjects\deepfake-webapp\target\dependency\guava-25.0-jre.jar
[INFO] Copying jsr305-1.3.9.jar to C:\Users\Jarom\IdeaProjects\deepfake-webapp\target\dependency\jsr305-1.3.9.jar
[INFO] Copying checker-compat-qual-2.0.0.jar to C:\Users\Jarom\IdeaProjects\deepfake-webapp\target\dependency\checker-compat-qual-2.0.0.jar
[INFO] Copying error_prone_annotations-2.1.3.jar to C:\Users\Jarom\IdeaProjects\deepfake-webapp\target\dependency\error_prone_annotations-2.1.3.jar
[INFO] Copying j2objc-annotations-1.1.jar to C:\Users\Jarom\IdeaProjects\deepfake-webapp\target\dependency\j2objc-annotations-1.1.jar
[INFO] Copying animal-sniffer-annotations-1.14.jar to C:\Users\Jarom\IdeaProjects\deepfake-webapp\target\dependency\animal-sniffer-annotations-1.14.jar
[INFO] Copying okhttp-3.14.9.jar to C:\Users\Jarom\IdeaProjects\deepfake-webapp\target\dependency\okhttp-3.14.9.jar
[INFO] Copying okio-1.14.0.jar to C:\Users\Jarom\IdeaProjects\deepfake-webapp\target\dependency\okio-1.14.0.jar
[INFO] Copying selenium-java-3.141.59.jar to C:\Users\Jarom\IdeaProjects\deepfake-webapp\target\dependency\selenium-java-3.141.59.jar
[INFO] Copying selenium-chrome-driver-3.141.59.jar to C:\Users\Jarom\IdeaProjects\deepfake-webapp\target\dependency\selenium-chrome-driver-3.141.59.jar
[INFO] Copying selenium-edge-driver-3.141.59.jar to C:\Users\Jarom\IdeaProjects\deepfake-webapp\target\dependency\selenium-edge-driver-3.141.59.jar
[INFO] Copying selenium-firefox-driver-3.141.59.jar to C:\Users\Jarom\IdeaProjects\deepfake-webapp\target\dependency\selenium-firefox-driver-3.141.59.jar
[INFO] Copying selenium-ie-driver-3.141.59.jar to C:\Users\Jarom\IdeaProjects\deepfake-webapp\target\dependency\selenium-ie-driver-3.141.59.jar
[INFO] Copying selenium-opera-driver-3.141.59.jar to C:\Users\Jarom\IdeaProjects\deepfake-webapp\target\dependency\selenium-opera-driver-3.141.59.jar
[INFO] Copying selenium-safari-driver-3.141.59.jar to C:\Users\Jarom\IdeaProjects\deepfake-webapp\target\dependency\selenium-safari-driver-3.141.59.jar
[INFO] Copying selenium-support-3.141.59.jar to C:\Users\Jarom\IdeaProjects\deepfake-webapp\target\dependency\selenium-support-3.141.59.jar
[INFO] Copying easymock-3.1.jar to C:\Users\Jarom\IdeaProjects\deepfake-webapp\target\dependency\easymock-3.1.jar
[INFO] Copying cglib-nodep-2.2.2.jar to C:\Users\Jarom\IdeaProjects\deepfake-webapp\target\dependency\cglib-nodep-2.2.2.jar
[INFO] Copying javassist-3.18.1-GA.jar to C:\Users\Jarom\IdeaProjects\deepfake-webapp\target\dependency\javassist-3.18.1-GA.jar
[INFO] Copying license-checker-1.2.0.jar to C:\Users\Jarom\IdeaProjects\deepfake-webapp\target\dependency\license-checker-1.2.0.jar
[INFO] Copying oshi-core-5.5.0.jar to C:\Users\Jarom\IdeaProjects\deepfake-webapp\target\dependency\oshi-core-5.5.0.jar
[INFO] Copying jna-5.7.0.jar to C:\Users\Jarom\IdeaProjects\deepfake-webapp\target\dependency\jna-5.7.0.jar
[INFO] Copying jna-platform-5.7.0.jar to C:\Users\Jarom\IdeaProjects\deepfake-webapp\target\dependency\jna-platform-5.7.0.jar
[INFO] Copying gwt-elemental-2.8.0.jar to C:\Users\Jarom\IdeaProjects\deepfake-webapp\target\dependency\gwt-elemental-2.8.0.jar
[INFO] Copying flow-html-components-testbench-2.6.7.jar to C:\Users\Jarom\IdeaProjects\deepfake-webapp\target\dependency\flow-html-components-testbench-2.6.7.jar
[INFO] Copying vaadin-accordion-testbench-14.6.8.jar to C:\Users\Jarom\IdeaProjects\deepfake-webapp\target\dependency\vaadin-accordion-testbench-14.6.8.jar
[INFO] Copying polymer-2.7.0.jar to C:\Users\Jarom\IdeaProjects\deepfake-webapp\target\dependency\polymer-2.7.0.jar
[INFO] Copying webcomponentsjs-1.2.6.jar to C:\Users\Jarom\IdeaProjects\deepfake-webapp\target\dependency\webcomponentsjs-1.2.6.jar
[INFO] Copying shadycss-1.8.0.jar to C:\Users\Jarom\IdeaProjects\deepfake-webapp\target\dependency\shadycss-1.8.0.jar
[INFO] Copying vaadin-element-mixin-2.4.2.jar to C:\Users\Jarom\IdeaProjects\deepfake-webapp\target\dependency\vaadin-element-mixin-2.4.2.jar
[INFO] Copying vaadin-usage-statistics-2.1.0.jar to C:\Users\Jarom\IdeaProjects\deepfake-webapp\target\dependency\vaadin-usage-statistics-2.1.0.jar
[INFO] Copying vaadin-development-mode-detector-2.0.4.jar to C:\Users\Jarom\IdeaProjects\deepfake-webapp\target\dependency\vaadin-development-mode-detector-2.0.4.jar
[INFO] Copying vaadin-app-layout-testbench-14.6.8.jar to C:\Users\Jarom\IdeaProjects\deepfake-webapp\target\dependency\vaadin-app-layout-testbench-14.6.8.jar
[INFO] Copying vaadin-avatar-testbench-14.6.8.jar to C:\Users\Jarom\IdeaProjects\deepfake-webapp\target\dependency\vaadin-avatar-testbench-14.6.8.jar
[INFO] Copying vaadin-board-testbench-14.6.8.jar to C:\Users\Jarom\IdeaProjects\deepfake-webapp\target\dependency\vaadin-board-testbench-14.6.8.jar
[INFO] Copying vaadin-button-testbench-14.6.8.jar to C:\Users\Jarom\IdeaProjects\deepfake-webapp\target\dependency\vaadin-button-testbench-14.6.8.jar
[INFO] Copying vaadin-charts-testbench-14.6.8.jar to C:\Users\Jarom\IdeaProjects\deepfake-webapp\target\dependency\vaadin-charts-testbench-14.6.8.jar
[INFO] Copying vaadin-checkbox-testbench-14.6.8.jar to C:\Users\Jarom\IdeaProjects\deepfake-webapp\target\dependency\vaadin-checkbox-testbench-14.6.8.jar
[INFO] Copying vaadin-combo-box-testbench-14.6.8.jar to C:\Users\Jarom\IdeaProjects\deepfake-webapp\target\dependency\vaadin-combo-box-testbench-14.6.8.jar
[INFO] Copying vaadin-confirm-dialog-testbench-14.6.8.jar to C:\Users\Jarom\IdeaProjects\deepfake-webapp\target\dependency\vaadin-confirm-dialog-testbench-14.6.8.jar
[INFO] Copying vaadin-context-menu-testbench-14.6.8.jar to C:\Users\Jarom\IdeaProjects\deepfake-webapp\target\dependency\vaadin-context-menu-testbench-14.6.8.jar
[INFO] Copying vaadin-cookie-consent-testbench-14.6.8.jar to C:\Users\Jarom\IdeaProjects\deepfake-webapp\target\dependency\vaadin-cookie-consent-testbench-14.6.8.jar
[INFO] Copying vaadin-crud-testbench-14.6.8.jar to C:\Users\Jarom\IdeaProjects\deepfake-webapp\target\dependency\vaadin-crud-testbench-14.6.8.jar
[INFO] Copying vaadin-custom-field-testbench-14.6.8.jar to C:\Users\Jarom\IdeaProjects\deepfake-webapp\target\dependency\vaadin-custom-field-testbench-14.6.8.jar
[INFO] Copying vaadin-date-picker-testbench-14.6.8.jar to C:\Users\Jarom\IdeaProjects\deepfake-webapp\target\dependency\vaadin-date-picker-testbench-14.6.8.jar
[INFO] Copying vaadin-date-time-picker-testbench-14.6.8.jar to C:\Users\Jarom\IdeaProjects\deepfake-webapp\target\dependency\vaadin-date-time-picker-testbench-14.6.8.jar
[INFO] Copying vaadin-details-testbench-14.6.8.jar to C:\Users\Jarom\IdeaProjects\deepfake-webapp\target\dependency\vaadin-details-testbench-14.6.8.jar
[INFO] Copying vaadin-dialog-testbench-14.6.8.jar to C:\Users\Jarom\IdeaProjects\deepfake-webapp\target\dependency\vaadin-dialog-testbench-14.6.8.jar
[INFO] Copying vaadin-form-layout-testbench-14.6.8.jar to C:\Users\Jarom\IdeaProjects\deepfake-webapp\target\dependency\vaadin-form-layout-testbench-14.6.8.jar
[INFO] Copying vaadin-grid-testbench-14.6.8.jar to C:\Users\Jarom\IdeaProjects\deepfake-webapp\target\dependency\vaadin-grid-testbench-14.6.8.jar
[INFO] Copying vaadin-grid-pro-testbench-14.6.8.jar to C:\Users\Jarom\IdeaProjects\deepfake-webapp\target\dependency\vaadin-grid-pro-testbench-14.6.8.jar
[INFO] Copying vaadin-icons-testbench-14.6.8.jar to C:\Users\Jarom\IdeaProjects\deepfake-webapp\target\dependency\vaadin-icons-testbench-14.6.8.jar
[INFO] Copying vaadin-iron-list-testbench-14.6.8.jar to C:\Users\Jarom\IdeaProjects\deepfake-webapp\target\dependency\vaadin-iron-list-testbench-14.6.8.jar
[INFO] Copying vaadin-list-box-testbench-14.6.8.jar to C:\Users\Jarom\IdeaProjects\deepfake-webapp\target\dependency\vaadin-list-box-testbench-14.6.8.jar
[INFO] Copying vaadin-login-testbench-14.6.8.jar to C:\Users\Jarom\IdeaProjects\deepfake-webapp\target\dependency\vaadin-login-testbench-14.6.8.jar
[INFO] Copying vaadin-menu-bar-testbench-14.6.8.jar to C:\Users\Jarom\IdeaProjects\deepfake-webapp\target\dependency\vaadin-menu-bar-testbench-14.6.8.jar
[INFO] Copying vaadin-notification-testbench-14.6.8.jar to C:\Users\Jarom\IdeaProjects\deepfake-webapp\target\dependency\vaadin-notification-testbench-14.6.8.jar
[INFO] Copying vaadin-ordered-layout-testbench-14.6.8.jar to C:\Users\Jarom\IdeaProjects\deepfake-webapp\target\dependency\vaadin-ordered-layout-testbench-14.6.8.jar
[INFO] Copying vaadin-progress-bar-testbench-14.6.8.jar to C:\Users\Jarom\IdeaProjects\deepfake-webapp\target\dependency\vaadin-progress-bar-testbench-14.6.8.jar
[INFO] Copying vaadin-radio-button-testbench-14.6.8.jar to C:\Users\Jarom\IdeaProjects\deepfake-webapp\target\dependency\vaadin-radio-button-testbench-14.6.8.jar
[INFO] Copying vaadin-rich-text-editor-testbench-14.6.8.jar to C:\Users\Jarom\IdeaProjects\deepfake-webapp\target\dependency\vaadin-rich-text-editor-testbench-14.6.8.jar
[INFO] Copying vaadin-select-testbench-14.6.8.jar to C:\Users\Jarom\IdeaProjects\deepfake-webapp\target\dependency\vaadin-select-testbench-14.6.8.jar
[INFO] Copying vaadin-split-layout-testbench-14.6.8.jar to C:\Users\Jarom\IdeaProjects\deepfake-webapp\target\dependency\vaadin-split-layout-testbench-14.6.8.jar
[INFO] Copying vaadin-tabs-testbench-14.6.8.jar to C:\Users\Jarom\IdeaProjects\deepfake-webapp\target\dependency\vaadin-tabs-testbench-14.6.8.jar
[INFO] Copying vaadin-text-field-testbench-14.6.8.jar to C:\Users\Jarom\IdeaProjects\deepfake-webapp\target\dependency\vaadin-text-field-testbench-14.6.8.jar
[INFO] Copying vaadin-time-picker-testbench-14.6.8.jar to C:\Users\Jarom\IdeaProjects\deepfake-webapp\target\dependency\vaadin-time-picker-testbench-14.6.8.jar
[INFO] Copying vaadin-upload-testbench-14.6.8.jar to C:\Users\Jarom\IdeaProjects\deepfake-webapp\target\dependency\vaadin-upload-testbench-14.6.8.jar
[INFO] Copying junit-vintage-engine-5.7.1.jar to C:\Users\Jarom\IdeaProjects\deepfake-webapp\target\dependency\junit-vintage-engine-5.7.1.jar
[INFO] Copying apiguardian-api-1.1.0.jar to C:\Users\Jarom\IdeaProjects\deepfake-webapp\target\dependency\apiguardian-api-1.1.0.jar
[INFO] Copying junit-platform-engine-1.7.1.jar to C:\Users\Jarom\IdeaProjects\deepfake-webapp\target\dependency\junit-platform-engine-1.7.1.jar
[INFO] Copying opentest4j-1.2.0.jar to C:\Users\Jarom\IdeaProjects\deepfake-webapp\target\dependency\opentest4j-1.2.0.jar
[INFO] Copying junit-platform-commons-1.7.1.jar to C:\Users\Jarom\IdeaProjects\deepfake-webapp\target\dependency\junit-platform-commons-1.7.1.jar
[INFO] Copying junit-4.13.2.jar to C:\Users\Jarom\IdeaProjects\deepfake-webapp\target\dependency\junit-4.13.2.jar
[INFO] Copying webdrivermanager-3.8.1.jar to C:\Users\Jarom\IdeaProjects\deepfake-webapp\target\dependency\webdrivermanager-3.8.1.jar
[INFO] Copying slf4j-api-1.7.30.jar to C:\Users\Jarom\IdeaProjects\deepfake-webapp\target\dependency\slf4j-api-1.7.30.jar
[INFO] Copying commons-io-2.6.jar to C:\Users\Jarom\IdeaProjects\deepfake-webapp\target\dependency\commons-io-2.6.jar
[INFO] Copying gson-2.8.6.jar to C:\Users\Jarom\IdeaProjects\deepfake-webapp\target\dependency\gson-2.8.6.jar
[INFO] Copying commons-lang3-3.11.jar to C:\Users\Jarom\IdeaProjects\deepfake-webapp\target\dependency\commons-lang3-3.11.jar
[INFO] Copying httpclient-4.5.13.jar to C:\Users\Jarom\IdeaProjects\deepfake-webapp\target\dependency\httpclient-4.5.13.jar
[INFO] Copying httpcore-4.4.14.jar to C:\Users\Jarom\IdeaProjects\deepfake-webapp\target\dependency\httpcore-4.4.14.jar
[INFO] Copying jarchivelib-1.0.0.jar to C:\Users\Jarom\IdeaProjects\deepfake-webapp\target\dependency\jarchivelib-1.0.0.jar
[INFO] Copying commons-compress-1.18.jar to C:\Users\Jarom\IdeaProjects\deepfake-webapp\target\dependency\commons-compress-1.18.jar
[INFO] Copying jsoup-1.11.3.jar to C:\Users\Jarom\IdeaProjects\deepfake-webapp\target\dependency\jsoup-1.11.3.jar
[INFO] Copying vaadin-cdi-11.2.1.jar to C:\Users\Jarom\IdeaProjects\deepfake-webapp\target\dependency\vaadin-cdi-11.2.1.jar
[INFO] Copying flow-server-2.6.7.jar to C:\Users\Jarom\IdeaProjects\deepfake-webapp\target\dependency\flow-server-2.6.7.jar
[INFO] Copying gwt-elemental-2.8.2.vaadin2.jar to C:\Users\Jarom\IdeaProjects\deepfake-webapp\target\dependency\gwt-elemental-2.8.2.vaadin2.jar
[INFO] Copying commons-fileupload-1.3.3.jar to C:\Users\Jarom\IdeaProjects\deepfake-webapp\target\dependency\commons-fileupload-1.3.3.jar
[INFO] Copying ph-css-6.1.1.jar to C:\Users\Jarom\IdeaProjects\deepfake-webapp\target\dependency\ph-css-6.1.1.jar
[INFO] Copying ph-commons-9.1.2.jar to C:\Users\Jarom\IdeaProjects\deepfake-webapp\target\dependency\ph-commons-9.1.2.jar
[INFO] Copying gentyref-1.2.0.vaadin1.jar to C:\Users\Jarom\IdeaProjects\deepfake-webapp\target\dependency\gentyref-1.2.0.vaadin1.jar
[INFO] Copying flow-client-2.6.7.jar to C:\Users\Jarom\IdeaProjects\deepfake-webapp\target\dependency\flow-client-2.6.7.jar
[INFO] Copying deltaspike-core-api-1.8.1.jar to C:\Users\Jarom\IdeaProjects\deepfake-webapp\target\dependency\deltaspike-core-api-1.8.1.jar
[INFO] Copying deltaspike-core-impl-1.8.1.jar to C:\Users\Jarom\IdeaProjects\deepfake-webapp\target\dependency\deltaspike-core-impl-1.8.1.jar
[INFO] Copying javax.inject-1.jar to C:\Users\Jarom\IdeaProjects\deepfake-webapp\target\dependency\javax.inject-1.jar
[INFO] 
[INFO] --- maven-install-plugin:2.5.2:install (default-install) @ deepfakewebapp ---
[INFO] Installing C:\Users\Jarom\IdeaProjects\deepfake-webapp\target\deepfakewebapp-1.0-SNAPSHOT.jar to C:\Users\Jarom\.m2\repository\com\pip\deepfakes\deepfakewebapp\1.0-SNAPSHOT\deepfakewebapp-1.0-SNAPSHOT.jar
[INFO] Installing C:\Users\Jarom\IdeaProjects\deepfake-webapp\pom.xml to C:\Users\Jarom\.m2\repository\com\pip\deepfakes\deepfakewebapp\1.0-SNAPSHOT\deepfakewebapp-1.0-SNAPSHOT.pom
[INFO] ------------------------------------------------------------------------
[INFO] BUILD SUCCESS
[INFO] ------------------------------------------------------------------------
[INFO] Total time:  10.273 s
[INFO] Finished at: 2021-10-11T22:17:05+02:00
[INFO] ------------------------------------------------------------------------
